Component: ARM Compiler 5.06 update 7 (build 960) Tool: armlink [4d3601]

==============================================================================

Section Cross References

    startup_cmsdk_cm0.o(RESET) refers to startup_cmsdk_cm0.o(STACK) for __initial_sp
    startup_cmsdk_cm0.o(RESET) refers to startup_cmsdk_cm0.o(.text) for Reset_Handler
    startup_cmsdk_cm0.o(.text) refers to system_cmsdk_cm0.o(.text) for SystemInit
    startup_cmsdk_cm0.o(.text) refers to entry.o(.ARM.Collect$$$$00000000) for __main
    hello.o(.text) refers to memcpya.o(.text) for __aeabi_memcpy4
    hello.o(.text) refers to hello.o(.constdata) for .constdata
    retarget.o(.text) refers to uart_stdout.o(.text) for UartPutc
    system_cmsdk_cm0.o(.text) refers to system_cmsdk_cm0.o(.data) for .data
    entry.o(.ARM.Collect$$$$00000000) refers (Special) to entry10a.o(.ARM.Collect$$$$0000000F) for __rt_final_cpp
    entry.o(.ARM.Collect$$$$00000000) refers (Special) to entry11a.o(.ARM.Collect$$$$00000011) for __rt_final_exit
    entry.o(.ARM.Collect$$$$00000000) refers (Special) to entry12b.o(.ARM.Collect$$$$0000000E) for __rt_lib_shutdown_fini
    entry.o(.ARM.Collect$$$$00000000) refers (Special) to entry7b.o(.ARM.Collect$$$$00000008) for _main_clock
    entry.o(.ARM.Collect$$$$00000000) refers (Special) to entry8b.o(.ARM.Collect$$$$0000000A) for _main_cpp_init
    entry.o(.ARM.Collect$$$$00000000) refers (Special) to entry9a.o(.ARM.Collect$$$$0000000B) for _main_init
    entry.o(.ARM.Collect$$$$00000000) refers (Special) to entry5.o(.ARM.Collect$$$$00000004) for _main_scatterload
    entry.o(.ARM.Collect$$$$00000000) refers (Special) to entry2.o(.ARM.Collect$$$$00000001) for _main_stk
    entry2.o(.ARM.Collect$$$$00000001) refers to entry2.o(.ARM.Collect$$$$00002712) for __lit__00000000
    entry2.o(.ARM.Collect$$$$00002712) refers to startup_cmsdk_cm0.o(STACK) for __initial_sp
    entry2.o(__vectab_stack_and_reset_area) refers to startup_cmsdk_cm0.o(STACK) for __initial_sp
    entry2.o(__vectab_stack_and_reset_area) refers to entry.o(.ARM.Collect$$$$00000000) for __main
    entry5.o(.ARM.Collect$$$$00000004) refers to init.o(.text) for __scatterload
    entry9a.o(.ARM.Collect$$$$0000000B) refers to hello.o(.text) for main
    entry9b.o(.ARM.Collect$$$$0000000C) refers to hello.o(.text) for main
    init.o(.text) refers to entry5.o(.ARM.Collect$$$$00000004) for __main_after_scatterload


==============================================================================

Removing Unused input sections from the image.

    Removing startup_cmsdk_cm0.o(HEAP), (256 bytes).
    Removing hello.o(.rev16_text), (4 bytes).
    Removing hello.o(.revsh_text), (4 bytes).
    Removing retarget.o(.text), (40 bytes).
    Removing retarget.o(.data), (4 bytes).
    Removing retarget.o(.data), (4 bytes).
    Removing uart_stdout.o(.rev16_text), (4 bytes).
    Removing uart_stdout.o(.revsh_text), (4 bytes).
    Removing uart_stdout.o(.text), (60 bytes).
    Removing system_cmsdk_cm0.o(.rev16_text), (4 bytes).
    Removing system_cmsdk_cm0.o(.revsh_text), (4 bytes).
    Removing system_cmsdk_cm0.o(.data), (4 bytes).

12 unused section(s) (total 392 bytes) removed from the image.

==============================================================================

Image Symbol Table

    Local Symbols

    Symbol Name                              Value     Ov Type        Size  Object(Section)

    RESET                                    0x00000000   Section      192  startup_cmsdk_cm0.o(RESET)
    ../clib/microlib/init/entry.s            0x00000000   Number         0  entry5.o ABSOLUTE
    ../clib/microlib/init/entry.s            0x00000000   Number         0  entry2.o ABSOLUTE
    ../clib/microlib/init/entry.s            0x00000000   Number         0  entry8a.o ABSOLUTE
    ../clib/microlib/init/entry.s            0x00000000   Number         0  entry8b.o ABSOLUTE
    ../clib/microlib/init/entry.s            0x00000000   Number         0  entry7b.o ABSOLUTE
    ../clib/microlib/init/entry.s            0x00000000   Number         0  entry7a.o ABSOLUTE
    ../clib/microlib/init/entry.s            0x00000000   Number         0  entry12b.o ABSOLUTE
    ../clib/microlib/init/entry.s            0x00000000   Number         0  entry12a.o ABSOLUTE
    ../clib/microlib/init/entry.s            0x00000000   Number         0  entry11b.o ABSOLUTE
    ../clib/microlib/init/entry.s            0x00000000   Number         0  entry11a.o ABSOLUTE
    ../clib/microlib/init/entry.s            0x00000000   Number         0  entry10b.o ABSOLUTE
    ../clib/microlib/init/entry.s            0x00000000   Number         0  entry10a.o ABSOLUTE
    ../clib/microlib/init/entry.s            0x00000000   Number         0  entry.o ABSOLUTE
    ../clib/microlib/init/entry.s            0x00000000   Number         0  entry9b.o ABSOLUTE
    ../clib/microlib/init/entry.s            0x00000000   Number         0  entry9a.o ABSOLUTE
    ../clib/microlib/string/memcpy.c         0x00000000   Number         0  memcpya.o ABSOLUTE
    ../clib/microlib/string/memcpy.c         0x00000000   Number         0  memcpyb.o ABSOLUTE
    ../clib/microlib/stubs.s                 0x00000000   Number         0  useno.o ABSOLUTE
    ..\..\..\..\software\cmsis\Device\ARM\CMSDK_CM0\Source\ARM\startup_CMSDK_CM0.s 0x00000000   Number         0  startup_cmsdk_cm0.o ABSOLUTE
    ..\..\..\..\software\cmsis\Device\ARM\CMSDK_CM0\Source\system_CMSDK_CM0.c 0x00000000   Number         0  system_cmsdk_cm0.o ABSOLUTE
    ..\..\..\..\software\common\retarget\retarget.c 0x00000000   Number         0  retarget.o ABSOLUTE
    ..\..\..\..\software\common\retarget\uart_stdout.c 0x00000000   Number         0  uart_stdout.o ABSOLUTE
    ..\\..\\..\\..\\software\\cmsis\\Device\\ARM\\CMSDK_CM0\\Source\\system_CMSDK_CM0.c 0x00000000   Number         0  system_cmsdk_cm0.o ABSOLUTE
    ..\\..\\..\\..\\software\\common\\retarget\\uart_stdout.c 0x00000000   Number         0  uart_stdout.o ABSOLUTE
    dc.s                                     0x00000000   Number         0  dc.o ABSOLUTE
    handlers.s                               0x00000000   Number         0  handlers.o ABSOLUTE
    hello.c                                  0x00000000   Number         0  hello.o ABSOLUTE
    hello.c                                  0x00000000   Number         0  hello.o ABSOLUTE
    init.s                                   0x00000000   Number         0  init.o ABSOLUTE
    .ARM.Collect$$$$00000000                 0x000000c0   Section        0  entry.o(.ARM.Collect$$$$00000000)
    .ARM.Collect$$$$00000001                 0x000000c0   Section        4  entry2.o(.ARM.Collect$$$$00000001)
    .ARM.Collect$$$$00000004                 0x000000c4   Section        4  entry5.o(.ARM.Collect$$$$00000004)
    .ARM.Collect$$$$00000008                 0x000000c8   Section        0  entry7b.o(.ARM.Collect$$$$00000008)
    .ARM.Collect$$$$0000000A                 0x000000c8   Section        0  entry8b.o(.ARM.Collect$$$$0000000A)
    .ARM.Collect$$$$0000000B                 0x000000c8   Section        8  entry9a.o(.ARM.Collect$$$$0000000B)
    .ARM.Collect$$$$0000000E                 0x000000d0   Section        4  entry12b.o(.ARM.Collect$$$$0000000E)
    .ARM.Collect$$$$0000000F                 0x000000d4   Section        0  entry10a.o(.ARM.Collect$$$$0000000F)
    .ARM.Collect$$$$00000011                 0x000000d4   Section        0  entry11a.o(.ARM.Collect$$$$00000011)
    .ARM.Collect$$$$00002712                 0x000000d4   Section        4  entry2.o(.ARM.Collect$$$$00002712)
    __lit__00000000                          0x000000d4   Data           4  entry2.o(.ARM.Collect$$$$00002712)
    .text                                    0x000000d8   Section       32  startup_cmsdk_cm0.o(.text)
    .text                                    0x000000f8   Section        0  hello.o(.text)
    .text                                    0x00000174   Section        0  system_cmsdk_cm0.o(.text)
    .text                                    0x0000018c   Section        0  memcpya.o(.text)
    .text                                    0x000001b0   Section       36  init.o(.text)
    i.__scatterload_copy                     0x000001d4   Section       14  handlers.o(i.__scatterload_copy)
    i.__scatterload_null                     0x000001e2   Section        2  handlers.o(i.__scatterload_null)
    i.__scatterload_zeroinit                 0x000001e4   Section       14  handlers.o(i.__scatterload_zeroinit)
    .constdata                               0x000001f4   Section       72  hello.o(.constdata)
    .data                                    0x20000000   Section        4  system_cmsdk_cm0.o(.data)
    STACK                                    0x20000008   Section      512  startup_cmsdk_cm0.o(STACK)

    Global Symbols

    Symbol Name                              Value     Ov Type        Size  Object(Section)

    BuildAttributes$$THM_ISAv3M$S$PE$A:L22$X:L11$S22$IEEE1$IW$USESV6$~STKCKD$USESV7$~SHL$OSPACE$EBA8$MICROLIB$REQ8$PRES8$EABIv2 0x00000000   Number         0  anon$$obj.o ABSOLUTE
    __ARM_use_no_argv                        0x00000000   Number         0  hello.o ABSOLUTE
    __Vectors                                0x00000000   Data           4  startup_cmsdk_cm0.o(RESET)
    __use_no_errno                           0x00000000   Number         0  useno.o ABSOLUTE
    __use_no_exception_handling              0x00000000   Number         0  useno.o ABSOLUTE
    __use_no_fp                              0x00000000   Number         0  useno.o ABSOLUTE
    __use_no_heap                            0x00000000   Number         0  useno.o ABSOLUTE
    __use_no_heap_region                     0x00000000   Number         0  useno.o ABSOLUTE
    __use_no_semihosting                     0x00000000   Number         0  useno.o ABSOLUTE
    __use_no_semihosting_swi                 0x00000000   Number         0  useno.o ABSOLUTE
    __use_no_signal_handling                 0x00000000   Number         0  useno.o ABSOLUTE
    __arm_fini_                               - Undefined Weak Reference
    __cpp_initialize__aeabi_                  - Undefined Weak Reference
    __cxa_finalize                            - Undefined Weak Reference
    __decompress                              - Undefined Weak Reference
    _clock_init                               - Undefined Weak Reference
    _microlib_exit                            - Undefined Weak Reference
    __Vectors_End                            0x000000c0   Data           0  startup_cmsdk_cm0.o(RESET)
    __Vectors_Size                           0x000000c0   Number         0  startup_cmsdk_cm0.o ABSOLUTE
    __main                                   0x000000c1   Thumb Code     0  entry.o(.ARM.Collect$$$$00000000)
    _main_stk                                0x000000c1   Thumb Code     0  entry2.o(.ARM.Collect$$$$00000001)
    _main_scatterload                        0x000000c5   Thumb Code     0  entry5.o(.ARM.Collect$$$$00000004)
    __main_after_scatterload                 0x000000c9   Thumb Code     0  entry5.o(.ARM.Collect$$$$00000004)
    _main_clock                              0x000000c9   Thumb Code     0  entry7b.o(.ARM.Collect$$$$00000008)
    _main_cpp_init                           0x000000c9   Thumb Code     0  entry8b.o(.ARM.Collect$$$$0000000A)
    _main_init                               0x000000c9   Thumb Code     0  entry9a.o(.ARM.Collect$$$$0000000B)
    __rt_lib_shutdown_fini                   0x000000d1   Thumb Code     0  entry12b.o(.ARM.Collect$$$$0000000E)
    __rt_final_cpp                           0x000000d5   Thumb Code     0  entry10a.o(.ARM.Collect$$$$0000000F)
    __rt_final_exit                          0x000000d5   Thumb Code     0  entry11a.o(.ARM.Collect$$$$00000011)
    Reset_Handler                            0x000000d9   Thumb Code    12  startup_cmsdk_cm0.o(.text)
    NMI_Handler                              0x000000e5   Thumb Code     2  startup_cmsdk_cm0.o(.text)
    HardFault_Handler                        0x000000e7   Thumb Code     2  startup_cmsdk_cm0.o(.text)
    SVC_Handler                              0x000000e9   Thumb Code     2  startup_cmsdk_cm0.o(.text)
    PendSV_Handler                           0x000000eb   Thumb Code     2  startup_cmsdk_cm0.o(.text)
    SysTick_Handler                          0x000000ed   Thumb Code     2  startup_cmsdk_cm0.o(.text)
    DMA_Handler                              0x000000ef   Thumb Code     0  startup_cmsdk_cm0.o(.text)
    DUALTIMER_HANDLER                        0x000000ef   Thumb Code     0  startup_cmsdk_cm0.o(.text)
    ETHERNET_Handler                         0x000000ef   Thumb Code     0  startup_cmsdk_cm0.o(.text)
    I2S_Handler                              0x000000ef   Thumb Code     0  startup_cmsdk_cm0.o(.text)
    PORT0_0_Handler                          0x000000ef   Thumb Code     0  startup_cmsdk_cm0.o(.text)
    PORT0_10_Handler                         0x000000ef   Thumb Code     0  startup_cmsdk_cm0.o(.text)
    PORT0_11_Handler                         0x000000ef   Thumb Code     0  startup_cmsdk_cm0.o(.text)
    PORT0_12_Handler                         0x000000ef   Thumb Code     0  startup_cmsdk_cm0.o(.text)
    PORT0_13_Handler                         0x000000ef   Thumb Code     0  startup_cmsdk_cm0.o(.text)
    PORT0_14_Handler                         0x000000ef   Thumb Code     0  startup_cmsdk_cm0.o(.text)
    PORT0_15_Handler                         0x000000ef   Thumb Code     0  startup_cmsdk_cm0.o(.text)
    PORT0_1_Handler                          0x000000ef   Thumb Code     0  startup_cmsdk_cm0.o(.text)
    PORT0_2_Handler                          0x000000ef   Thumb Code     0  startup_cmsdk_cm0.o(.text)
    PORT0_3_Handler                          0x000000ef   Thumb Code     0  startup_cmsdk_cm0.o(.text)
    PORT0_4_Handler                          0x000000ef   Thumb Code     0  startup_cmsdk_cm0.o(.text)
    PORT0_5_Handler                          0x000000ef   Thumb Code     0  startup_cmsdk_cm0.o(.text)
    PORT0_6_Handler                          0x000000ef   Thumb Code     0  startup_cmsdk_cm0.o(.text)
    PORT0_7_Handler                          0x000000ef   Thumb Code     0  startup_cmsdk_cm0.o(.text)
    PORT0_8_Handler                          0x000000ef   Thumb Code     0  startup_cmsdk_cm0.o(.text)
    PORT0_9_Handler                          0x000000ef   Thumb Code     0  startup_cmsdk_cm0.o(.text)
    PORT0_COMB_Handler                       0x000000ef   Thumb Code     0  startup_cmsdk_cm0.o(.text)
    PORT1_COMB_Handler                       0x000000ef   Thumb Code     0  startup_cmsdk_cm0.o(.text)
    SPI_ALL_Handler                          0x000000ef   Thumb Code     0  startup_cmsdk_cm0.o(.text)
    TIMER0_Handler                           0x000000ef   Thumb Code     0  startup_cmsdk_cm0.o(.text)
    TIMER1_Handler                           0x000000ef   Thumb Code     0  startup_cmsdk_cm0.o(.text)
    UARTOVF_Handler                          0x000000ef   Thumb Code     0  startup_cmsdk_cm0.o(.text)
    UARTRX0_Handler                          0x000000ef   Thumb Code     0  startup_cmsdk_cm0.o(.text)
    UARTRX1_Handler                          0x000000ef   Thumb Code     0  startup_cmsdk_cm0.o(.text)
    UARTRX2_Handler                          0x000000ef   Thumb Code     0  startup_cmsdk_cm0.o(.text)
    UARTTX0_Handler                          0x000000ef   Thumb Code     0  startup_cmsdk_cm0.o(.text)
    UARTTX1_Handler                          0x000000ef   Thumb Code     0  startup_cmsdk_cm0.o(.text)
    UARTTX2_Handler                          0x000000ef   Thumb Code     0  startup_cmsdk_cm0.o(.text)
    main                                     0x000000f9   Thumb Code   112  hello.o(.text)
    SystemCoreClockUpdate                    0x00000175   Thumb Code     8  system_cmsdk_cm0.o(.text)
    SystemInit                               0x0000017d   Thumb Code     8  system_cmsdk_cm0.o(.text)
    __aeabi_memcpy                           0x0000018d   Thumb Code    36  memcpya.o(.text)
    __aeabi_memcpy4                          0x0000018d   Thumb Code     0  memcpya.o(.text)
    __aeabi_memcpy8                          0x0000018d   Thumb Code     0  memcpya.o(.text)
    __scatterload                            0x000001b1   Thumb Code    28  init.o(.text)
    __scatterload_rt2                        0x000001b1   Thumb Code     0  init.o(.text)
    __scatterload_copy                       0x000001d5   Thumb Code    14  handlers.o(i.__scatterload_copy)
    __scatterload_null                       0x000001e3   Thumb Code     2  handlers.o(i.__scatterload_null)
    __scatterload_zeroinit                   0x000001e5   Thumb Code    14  handlers.o(i.__scatterload_zeroinit)
    Region$$Table$$Base                      0x0000023c   Number         0  anon$$obj.o(Region$$Table)
    Region$$Table$$Limit                     0x0000025c   Number         0  anon$$obj.o(Region$$Table)
    SystemCoreClock                          0x20000000   Data           4  system_cmsdk_cm0.o(.data)
    __initial_sp                             0x20000208   Data           0  startup_cmsdk_cm0.o(STACK)



==============================================================================

Memory Map of the image

  Image Entry point : 0x000000c1

  Load Region LR_IROM1 (Base: 0x00000000, Size: 0x00000260, Max: 0x00040000, ABSOLUTE)

    Execution Region ER_IROM1 (Exec base: 0x00000000, Load base: 0x00000000, Size: 0x0000025c, Max: 0x00040000, ABSOLUTE)

    Exec Addr    Load Addr    Size         Type   Attr      Idx    E Section Name        Object

    0x00000000   0x00000000   0x000000c0   Data   RO            3    RESET               startup_cmsdk_cm0.o
    0x000000c0   0x000000c0   0x00000000   Code   RO          132  * .ARM.Collect$$$$00000000  mc_p.l(entry.o)
    0x000000c0   0x000000c0   0x00000004   Code   RO          139    .ARM.Collect$$$$00000001  mc_p.l(entry2.o)
    0x000000c4   0x000000c4   0x00000004   Code   RO          142    .ARM.Collect$$$$00000004  mc_p.l(entry5.o)
    0x000000c8   0x000000c8   0x00000000   Code   RO          144    .ARM.Collect$$$$00000008  mc_p.l(entry7b.o)
    0x000000c8   0x000000c8   0x00000000   Code   RO          146    .ARM.Collect$$$$0000000A  mc_p.l(entry8b.o)
    0x000000c8   0x000000c8   0x00000008   Code   RO          147    .ARM.Collect$$$$0000000B  mc_p.l(entry9a.o)
    0x000000d0   0x000000d0   0x00000004   Code   RO          154    .ARM.Collect$$$$0000000E  mc_p.l(entry12b.o)
    0x000000d4   0x000000d4   0x00000000   Code   RO          149    .ARM.Collect$$$$0000000F  mc_p.l(entry10a.o)
    0x000000d4   0x000000d4   0x00000000   Code   RO          151    .ARM.Collect$$$$00000011  mc_p.l(entry11a.o)
    0x000000d4   0x000000d4   0x00000004   Code   RO          140    .ARM.Collect$$$$00002712  mc_p.l(entry2.o)
    0x000000d8   0x000000d8   0x00000020   Code   RO            4    .text               startup_cmsdk_cm0.o
    0x000000f8   0x000000f8   0x0000007c   Code   RO           12    .text               hello.o
    0x00000174   0x00000174   0x00000018   Code   RO          107    .text               system_cmsdk_cm0.o
    0x0000018c   0x0000018c   0x00000024   Code   RO          135    .text               mc_p.l(memcpya.o)
    0x000001b0   0x000001b0   0x00000024   Code   RO          155    .text               mc_p.l(init.o)
    0x000001d4   0x000001d4   0x0000000e   Code   RO          159    i.__scatterload_copy  mc_p.l(handlers.o)
    0x000001e2   0x000001e2   0x00000002   Code   RO          160    i.__scatterload_null  mc_p.l(handlers.o)
    0x000001e4   0x000001e4   0x0000000e   Code   RO          161    i.__scatterload_zeroinit  mc_p.l(handlers.o)
    0x000001f2   0x000001f2   0x00000002   PAD
    0x000001f4   0x000001f4   0x00000048   Data   RO           13    .constdata          hello.o
    0x0000023c   0x0000023c   0x00000020   Data   RO          157    Region$$Table       anon$$obj.o


    Execution Region RW_IRAM1 (Exec base: 0x20000000, Load base: 0x0000025c, Size: 0x00000208, Max: 0x00020000, ABSOLUTE)

    Exec Addr    Load Addr    Size         Type   Attr      Idx    E Section Name        Object

    0x20000000   0x0000025c   0x00000004   Data   RW          109    .data               system_cmsdk_cm0.o
    0x20000004   0x00000260   0x00000004   PAD
    0x20000008        -       0x00000200   Zero   RW            1    STACK               startup_cmsdk_cm0.o


==============================================================================

Image component sizes


      Code (inc. data)   RO Data    RW Data    ZI Data      Debug   Object Name

       124         12         72          0          0       5195   hello.o
        32          8        192          0        512        740   startup_cmsdk_cm0.o
        24          8          0          4          0        961   system_cmsdk_cm0.o

    ----------------------------------------------------------------------
       180         28        296          4        516       6896   Object Totals
         0          0         32          0          0          0   (incl. Generated)
         0          0          0          0          4          0   (incl. Padding)

    ----------------------------------------------------------------------

      Code (inc. data)   RO Data    RW Data    ZI Data      Debug   Library Member Name

         0          0          0          0          0          0   entry.o
         0          0          0          0          0          0   entry10a.o
         0          0          0          0          0          0   entry11a.o
         4          0          0          0          0          0   entry12b.o
         8          4          0          0          0          0   entry2.o
         4          0          0          0          0          0   entry5.o
         0          0          0          0          0          0   entry7b.o
         0          0          0          0          0          0   entry8b.o
         8          4          0          0          0          0   entry9a.o
        30          0          0          0          0          0   handlers.o
        36          8          0          0          0         68   init.o
        36          0          0          0          0         60   memcpya.o

    ----------------------------------------------------------------------
       128         16          0          0          0        128   Library Totals
         2          0          0          0          0          0   (incl. Padding)

    ----------------------------------------------------------------------

      Code (inc. data)   RO Data    RW Data    ZI Data      Debug   Library Name

       126         16          0          0          0        128   mc_p.l

    ----------------------------------------------------------------------
       128         16          0          0          0        128   Library Totals

    ----------------------------------------------------------------------

==============================================================================


      Code (inc. data)   RO Data    RW Data    ZI Data      Debug   

       308         44        296          4        516       7176   Grand Totals
       308         44        296          4        516       7176   ELF Image Totals
       308         44        296          4          0          0   ROM Totals

==============================================================================

    Total RO  Size (Code + RO Data)                  604 (   0.59kB)
    Total RW  Size (RW Data + ZI Data)               520 (   0.51kB)
    Total ROM Size (Code + RO Data + RW Data)        608 (   0.59kB)

==============================================================================

