------------------------------------------------------------
Timing Analyzer Summary
------------------------------------------------------------

Type  : Slow 1200mV 85C Model Setup 'virt_sys_clk'
Slack : 6.815
TNS   : 0.000

Type  : Slow 1200mV 85C Model Setup 'sys_clk'
Slack : 13.750
TNS   : 0.000

Type  : Slow 1200mV 85C Model Hold 'sys_clk'
Slack : 0.308
TNS   : 0.000

Type  : Slow 1200mV 85C Model Hold 'virt_sys_clk'
Slack : 6.942
TNS   : 0.000

Type  : Slow 1200mV 85C Model Recovery 'sys_clk'
Slack : 15.794
TNS   : 0.000

Type  : Slow 1200mV 85C Model Removal 'sys_clk'
Slack : 2.478
TNS   : 0.000

Type  : Slow 1200mV 85C Model Minimum Pulse Width 'sys_clk'
Slack : 9.578
TNS   : 0.000

Type  : Slow 1200mV 0C Model Setup 'virt_sys_clk'
Slack : 8.082
TNS   : 0.000

Type  : Slow 1200mV 0C Model Setup 'sys_clk'
Slack : 14.397
TNS   : 0.000

Type  : Slow 1200mV 0C Model Hold 'sys_clk'
Slack : 0.306
TNS   : 0.000

Type  : Slow 1200mV 0C Model Hold 'virt_sys_clk'
Slack : 6.231
TNS   : 0.000

Type  : Slow 1200mV 0C Model Recovery 'sys_clk'
Slack : 16.292
TNS   : 0.000

Type  : Slow 1200mV 0C Model Removal 'sys_clk'
Slack : 2.208
TNS   : 0.000

Type  : Slow 1200mV 0C Model Minimum Pulse Width 'sys_clk'
Slack : 9.596
TNS   : 0.000

Type  : Fast 1200mV 0C Model Setup 'virt_sys_clk'
Slack : 12.071
TNS   : 0.000

Type  : Fast 1200mV 0C Model Setup 'sys_clk'
Slack : 16.420
TNS   : 0.000

Type  : Fast 1200mV 0C Model Hold 'sys_clk'
Slack : 0.145
TNS   : 0.000

Type  : Fast 1200mV 0C Model Hold 'virt_sys_clk'
Slack : 4.002
TNS   : 0.000

Type  : Fast 1200mV 0C Model Recovery 'sys_clk'
Slack : 16.853
TNS   : 0.000

Type  : Fast 1200mV 0C Model Removal 'sys_clk'
Slack : 1.590
TNS   : 0.000

Type  : Fast 1200mV 0C Model Minimum Pulse Width 'sys_clk'
Slack : 9.382
TNS   : 0.000

------------------------------------------------------------
